$ cd workingdirectory
$ l
total 16
drwx------  3 u0_a148 4096 Nov  5 19:06 .
drwx------ 25 u0_a148 4096 Nov  5 19:09 ..
-rw-------  1 u0_a148   27 Nov  5 19:05 package-lock.json
drwx------  7 u0_a148 4096 Nov  5 19:06 react-native-quick-sample
$ cd react-native-quick-sample/
$ l
total 4980
drwx------ 7 u0_a148    4096 Nov  5 19:06 .
drwx------ 3 u0_a148    4096 Nov  5 19:06 ..
-rw------- 1 u0_a148      34 Nov  5 19:06 .babelrc
-rw------- 1 u0_a148     114 Nov  5 19:06 .buckconfig
-rw------- 1 u0_a148    1385 Nov  5 19:06 .flowconfig
drwx------ 7 u0_a148    4096 Nov  5 19:06 .git
-rw------- 1 u0_a148      16 Nov  5 19:06 .gitattributes
-rw------- 1 u0_a148     774 Nov  5 19:06 .gitignore
-rw------- 1 u0_a148       2 Nov  5 19:06 .watchmanconfig
-rw------- 1 u0_a148    1067 Nov  5 19:06 LICENSE
-rw------- 1 u0_a148     497 Nov  5 19:06 README.md
drwx------ 2 u0_a148    4096 Nov  5 19:06 __tests__
drwx------ 5 u0_a148    4096 Nov  5 19:06 android
drwx------ 6 u0_a148    4096 Nov  5 19:06 app
-rw------- 1 u0_a148      59 Nov  5 19:06 app.json
-rw------- 1 u0_a148 4861288 Nov  5 19:06 demo.gif
-rw------- 1 u0_a148     137 Nov  5 19:06 index.android.js
-rw------- 1 u0_a148     136 Nov  5 19:06 index.ios.js
drwx------ 7 u0_a148    4096 Nov  5 19:06 ios
-rw------- 1 u0_a148     827 Nov  5 19:06 package.json
-rw------- 1 u0_a148  155694 Nov  5 19:06 yarn.lock
$ npm install -g react-native-cli
/data/data/com.termux/files/usr/bin/react-native -> /data/data/com.termux/files/usr/lib/node_modules/react-native-cli/index.js
+ react-native-cli@2.0.1
updated 1 package in 21.781s
$ cd react-native-quick-sample
bash: cd: react-native-quick-sample: No such file or directory
$ npm install
npm ERR! code Z_BUF_ERROR
npm ERR! errno -5
npm ERR! zlib: unexpected end of file

npm ERR! A complete log of this run can be found in:
npm ERR!     /data/data/com.termux/files/home/.npm/_logs/2018-11-06T00_19_10_706Z-debug.log
$ npm install

$ npm install
npm ERR! code Z_BUF_ERROR
npm ERR! errno -5
npm ERR! zlib: unexpected end of file

npm ERR! A complete log of this run can be found in:
npm ERR!     /data/data/com.termux/files/home/.npm/_logs/2018-11-06T00_34_27_387Z-debug.log
$ npm install
npm ERR! code Z_BUF_ERROR
npm ERR! errno -5
npm ERR! zlib: unexpected end of file

^C
$ uname -mo
armv7l Android
$ p
/data/data/com.termux/files/home/workingdirectory/react-native-quick-sample
$